epoch,validation_loss,validation_accuracy
1.0,1.0,1.0
2.0,1.0,1.0